// Jest Snapshot v1, https://goo.gl/fbAQLP

exports[`The Module List should render and match snapshot 1`] = `
<div>
  <div
    class="css-1oqmqkw"
  >
    <div
      class="css-1djaw1e"
    >
      <div
        class="css-mo2z4l"
      >
        <div
          class="chakra-stack css-zihvxp"
        >
          <h2
            class="chakra-heading css-r0uwm9"
          >
            Hi there!
          </h2>
          <p
            class="chakra-text css-1c395im"
          >
            intro You can click on each moduleâ€™s chevron to see its submodules. You must go through
                the modules and their submodules in order. To start or revisit a submodule, click
             
             
            <span
              class="chakra-text css-1hy3drq"
            >
              Go to submodule 
              <svg
                class="chakra-icon css-onkibi"
                focusable="false"
                viewBox="0 0 24 24"
              >
                <path
                  d="M10 6L8.59 7.41 13.17 12l-4.58 4.59L10 18l6-6z"
                  fill="currentColor"
                />
              </svg>
            </span>
          </p>
        </div>
      </div>
    </div>
    <div
      class="css-t5uauj"
    />
  </div>
</div>
`;
